// Vitest Snapshot v1, https://vitest.dev/guide/snapshot.html

exports[`colors.js > convertHexcodeToRBG > converts hexcode %p to the expected RGB object 1`] = `
{
  "blue": 67,
  "green": 194,
  "red": 246,
}
`;

exports[`colors.js > convertHexcodeToRBG > converts hexcode %p to the expected RGB object 2`] = `
{
  "blue": 0,
  "green": 0,
  "red": 0,
}
`;

exports[`colors.js > convertHexcodeToRBG > converts hexcode %p to the expected RGB object 3`] = `
{
  "blue": 255,
  "green": 255,
  "red": 255,
}
`;

exports[`colors.js > convertHexcodeToRBG > converts hexcode %p to the expected RGB object 4`] = `
{
  "blue": 0,
  "green": 0,
  "red": 0,
}
`;

exports[`colors.js > convertHexcodeToRBG > converts hexcode %p to the expected RGB object 5`] = `
{
  "blue": 255,
  "green": 255,
  "red": 255,
}
`;
