// Jest Snapshot v1, https://goo.gl/fbAQLP

exports[`list.js should return the expected HTML 1`] = `
"<ol class=\\"c-list c-list--ordered\\">
        <li class=\\"c-list-item\\"><span>a</span></li><li class=\\"c-list-item\\"><span>b</span></li><li class=\\"c-list-item\\"><span>c</span></li><li class=\\"c-list-item\\"><span>d</span></li>
    </ol>"
`;

exports[`list.js should return the expected HTML 2`] = `
"<ul class=\\"c-list c-list--pill\\">
        <li class=\\"c-list-item\\"><span>a</span></li><li class=\\"c-list-item\\"><span>b</span></li><li class=\\"c-list-item\\"><span>c</span></li><li class=\\"c-list-item\\"><span>d</span></li>
    </ul>"
`;
