// Jest Snapshot v1, https://goo.gl/fbAQLP

exports[`tokensTable.js should return the expected HTML 1`] = `
"<div class=\\"c-tokensTable\\"><h2 class=\\"c-tokensTable-sectionHeading\\">Elementary</h2><p class=\\"c-tokensTable-sectionDescription\\">Basic alias colour tokens for the basic building blocks of our products, including backgrounds, borders and dividers.</p><h3 class=\\"c-tokensTable-sectionSubheading\\">Page Backgrounds</h3><div class=\\"c-tokensTable-row u-spacing-e--top u-showAboveWide c-tokensTable-heading\\">
  <span>Example</span>
  <span>Description</span>
  <span>Token name</span>
</div>
<ul class=\\"c-tokensTable-list\\">
  <li class=\\"c-tokensTable-row c-tokensTable-item\\">
      <div class=\\"c-tokensTable-example c-tokensTable-example--bordered\\" style=\\"--example-background-color: #fcfcfc\\";></div>
      <div class=\\"c-tokensTable-content\\">
        <span class=\\"c-tokensTable-displayName\\">Background Default</span><span class=\\"c-tokensTable-tokenDescription\\">Default page background</span>
      </div>
      <span class=\\"c-tokensTable-token\\">$color-background-default</span>
    </li><li class=\\"c-tokensTable-row c-tokensTable-item\\">
      <div class=\\"c-tokensTable-example c-tokensTable-example--bordered\\" style=\\"--example-background-color: #f5f3f1\\";></div>
      <div class=\\"c-tokensTable-content\\">
        <span class=\\"c-tokensTable-displayName\\">Background Subtle</span>
      </div>
      <span class=\\"c-tokensTable-token\\">$color-background-subtle</span>
    </li><li class=\\"c-tokensTable-row c-tokensTable-item\\">
      <div class=\\"c-tokensTable-example\\" style=\\"--example-background-color: #1a1a19\\";></div>
      <div class=\\"c-tokensTable-content\\">
        <span class=\\"c-tokensTable-displayName\\">Background Dark</span>
      </div>
      <span class=\\"c-tokensTable-token\\">$color-background-dark</span>
    </li><li class=\\"c-tokensTable-row c-tokensTable-item\\">
      <div class=\\"c-tokensTable-example c-tokensTable-example--checked\\" style=\\"--example-checked-opacity: 0.5\\";></div>
      <div class=\\"c-tokensTable-content\\">
        <span class=\\"c-tokensTable-displayName\\">Overlay</span>
      </div>
      <span class=\\"c-tokensTable-token\\">$color-overlay</span>
    </li>
</ul><h3 class=\\"c-tokensTable-sectionSubheading\\">Container Backgrounds</h3><div class=\\"c-tokensTable-row u-spacing-e--top u-showAboveWide c-tokensTable-heading\\">
  <span>Example</span>
  <span>Description</span>
  <span>Token name</span>
</div>
<ul class=\\"c-tokensTable-list\\">
  <li class=\\"c-tokensTable-row c-tokensTable-item\\">
      <div class=\\"c-tokensTable-example c-tokensTable-example--bordered\\" style=\\"--example-background-color: #fff\\";></div>
      <div class=\\"c-tokensTable-content\\">
        <span class=\\"c-tokensTable-displayName\\">Container Default</span>
      </div>
      <span class=\\"c-tokensTable-token\\">$color-container-default</span>
    </li><li class=\\"c-tokensTable-row c-tokensTable-item\\">
      <div class=\\"c-tokensTable-example c-tokensTable-example--bordered\\" style=\\"--example-background-color: #f5f3f1\\";></div>
      <div class=\\"c-tokensTable-content\\">
        <span class=\\"c-tokensTable-displayName\\">Container Subtle</span>
      </div>
      <span class=\\"c-tokensTable-token\\">$color-container-subtle</span>
    </li><li class=\\"c-tokensTable-row c-tokensTable-item\\">
      <div class=\\"c-tokensTable-example c-tokensTable-example--bordered\\" style=\\"--example-background-color: #efedea\\";></div>
      <div class=\\"c-tokensTable-content\\">
        <span class=\\"c-tokensTable-displayName\\">Container Strong</span>
      </div>
      <span class=\\"c-tokensTable-token\\">$color-container-strong</span>
    </li><li class=\\"c-tokensTable-row c-tokensTable-item\\">
      <div class=\\"c-tokensTable-example\\" style=\\"--example-background-color: #262626\\";></div>
      <div class=\\"c-tokensTable-content\\">
        <span class=\\"c-tokensTable-displayName\\">Container Dark</span>
      </div>
      <span class=\\"c-tokensTable-token\\">$color-container-dark</span>
    </li><li class=\\"c-tokensTable-row c-tokensTable-item\\">
      <div class=\\"c-tokensTable-example\\" style=\\"--example-background-color: #262626\\";></div>
      <div class=\\"c-tokensTable-content\\">
        <span class=\\"c-tokensTable-displayName\\">Container Inverse</span>
      </div>
      <span class=\\"c-tokensTable-token\\">$color-container-inverse</span>
    </li>
</ul><h3 class=\\"c-tokensTable-sectionSubheading\\">Interactive Backgrounds</h3><div class=\\"c-tokensTable-row u-spacing-e--top u-showAboveWide c-tokensTable-heading\\">
  <span>Example</span>
  <span>Description</span>
  <span>Token name</span>
</div>
<ul class=\\"c-tokensTable-list\\">
  <li class=\\"c-tokensTable-row c-tokensTable-item\\">
      <div class=\\"c-tokensTable-example c-tokensTable-example--bordered\\" style=\\"--example-background-color: #f36805\\";></div>
      <div class=\\"c-tokensTable-content\\">
        <span class=\\"c-tokensTable-displayName\\">Interactive Brand</span>
      </div>
      <span class=\\"c-tokensTable-token\\">$color-interactive-brand</span>
    </li><li class=\\"c-tokensTable-row c-tokensTable-item\\">
      <div class=\\"c-tokensTable-example\\" style=\\"--example-background-color: #262626\\";></div>
      <div class=\\"c-tokensTable-content\\">
        <span class=\\"c-tokensTable-displayName\\">Interactive Primary</span>
      </div>
      <span class=\\"c-tokensTable-token\\">$color-interactive-primary</span>
    </li><li class=\\"c-tokensTable-row c-tokensTable-item\\">
      <div class=\\"c-tokensTable-example c-tokensTable-example--bordered\\" style=\\"--example-background-color: #f5f3f1\\";></div>
      <div class=\\"c-tokensTable-content\\">
        <span class=\\"c-tokensTable-displayName\\">Interactive Secondary</span>
      </div>
      <span class=\\"c-tokensTable-token\\">$color-interactive-secondary</span>
    </li><li class=\\"c-tokensTable-row c-tokensTable-item\\">
      <div class=\\"c-tokensTable-example c-tokensTable-example--bordered\\" style=\\"--example-background-color: #fff\\";></div>
      <div class=\\"c-tokensTable-content\\">
        <span class=\\"c-tokensTable-displayName\\">Interactive Inverse</span>
      </div>
      <span class=\\"c-tokensTable-token\\">$color-interactive-inverse</span>
    </li><li class=\\"c-tokensTable-row c-tokensTable-item\\">
      <div class=\\"c-tokensTable-example c-tokensTable-example--bordered\\" style=\\"--example-background-color: #fff\\";></div>
      <div class=\\"c-tokensTable-content\\">
        <span class=\\"c-tokensTable-displayName\\">Interactive Light</span>
      </div>
      <span class=\\"c-tokensTable-token\\">$color-interactive-light</span>
    </li><li class=\\"c-tokensTable-row c-tokensTable-item\\">
      <div class=\\"c-tokensTable-example c-tokensTable-example--bordered\\" style=\\"--example-background-color: #797876\\";></div>
      <div class=\\"c-tokensTable-content\\">
        <span class=\\"c-tokensTable-displayName\\">Interactive Form</span>
      </div>
      <span class=\\"c-tokensTable-token\\">$color-interactive-form</span>
    </li>
</ul><h3 class=\\"c-tokensTable-sectionSubheading\\">Borders</h3><div class=\\"c-tokensTable-row u-spacing-e--top u-showAboveWide c-tokensTable-heading\\">
  <span>Example</span>
  <span>Description</span>
  <span>Token name</span>
</div>
<ul class=\\"c-tokensTable-list\\">
  <li class=\\"c-tokensTable-row c-tokensTable-item\\">
      <div class=\\"c-tokensTable-example c-tokensTable-example--bordered\\" style=\\"--example-background-color: #efedea\\";></div>
      <div class=\\"c-tokensTable-content\\">
        <span class=\\"c-tokensTable-displayName\\">Border Default</span>
      </div>
      <span class=\\"c-tokensTable-token\\">$color-border-default</span>
    </li><li class=\\"c-tokensTable-row c-tokensTable-item\\">
      <div class=\\"c-tokensTable-example c-tokensTable-example--bordered\\" style=\\"--example-background-color: #f5f3f1\\";></div>
      <div class=\\"c-tokensTable-content\\">
        <span class=\\"c-tokensTable-displayName\\">Border Subtle</span>
      </div>
      <span class=\\"c-tokensTable-token\\">$color-border-subtle</span>
    </li><li class=\\"c-tokensTable-row c-tokensTable-item\\">
      <div class=\\"c-tokensTable-example c-tokensTable-example--bordered\\" style=\\"--example-background-color: #dbd9d7\\";></div>
      <div class=\\"c-tokensTable-content\\">
        <span class=\\"c-tokensTable-displayName\\">Border Strong</span>
      </div>
      <span class=\\"c-tokensTable-token\\">$color-border-strong</span>
    </li><li class=\\"c-tokensTable-row c-tokensTable-item\\">
      <div class=\\"c-tokensTable-example\\" style=\\"--example-background-color: #575655\\";></div>
      <div class=\\"c-tokensTable-content\\">
        <span class=\\"c-tokensTable-displayName\\">Border Inverse</span>
      </div>
      <span class=\\"c-tokensTable-token\\">$color-border-inverse</span>
    </li>
</ul><h3 class=\\"c-tokensTable-sectionSubheading\\">Dividers</h3><div class=\\"c-tokensTable-row u-spacing-e--top u-showAboveWide c-tokensTable-heading\\">
  <span>Example</span>
  <span>Description</span>
  <span>Token name</span>
</div>
<ul class=\\"c-tokensTable-list\\">
  <li class=\\"c-tokensTable-row c-tokensTable-item\\">
      <div class=\\"c-tokensTable-example c-tokensTable-example--checked\\" style=\\"--example-checked-opacity: 0.08\\";></div>
      <div class=\\"c-tokensTable-content\\">
        <span class=\\"c-tokensTable-displayName\\">Divider Default</span>
      </div>
      <span class=\\"c-tokensTable-token\\">$color-divider-default</span>
    </li><li class=\\"c-tokensTable-row c-tokensTable-item\\">
      <div class=\\"c-tokensTable-example c-tokensTable-example--checked c-tokensTable-example--bordered\\" style=\\"--example-checked-opacity: 0.20\\";></div>
      <div class=\\"c-tokensTable-content\\">
        <span class=\\"c-tokensTable-displayName\\">Divider Inverse</span>
      </div>
      <span class=\\"c-tokensTable-token\\">$color-divider-inverse</span>
    </li>
</ul><hr /><h2 class=\\"c-tokensTable-sectionHeading\\">Supportive Feedback</h2><p class=\\"c-tokensTable-sectionDescription\\">Alias colour tokens used to add meaning and brand our products.</p><h3 class=\\"c-tokensTable-sectionSubheading\\">Feedback</h3><div class=\\"c-tokensTable-row u-spacing-e--top u-showAboveWide c-tokensTable-heading\\">
  <span>Example</span>
  <span>Description</span>
  <span>Token name</span>
</div>
<ul class=\\"c-tokensTable-list\\">
  <li class=\\"c-tokensTable-row c-tokensTable-item\\">
      <div class=\\"c-tokensTable-example c-tokensTable-example--bordered\\" style=\\"--example-background-color: #d50525\\";></div>
      <div class=\\"c-tokensTable-content\\">
        <span class=\\"c-tokensTable-displayName\\">Support Error</span>
      </div>
      <span class=\\"c-tokensTable-token\\">$color-support-error</span>
    </li><li class=\\"c-tokensTable-row c-tokensTable-item\\">
      <div class=\\"c-tokensTable-example c-tokensTable-example--bordered\\" style=\\"--example-background-color: #f6c243\\";></div>
      <div class=\\"c-tokensTable-content\\">
        <span class=\\"c-tokensTable-displayName\\">Support Warning</span>
      </div>
      <span class=\\"c-tokensTable-token\\">$color-support-warning</span>
    </li><li class=\\"c-tokensTable-row c-tokensTable-item\\">
      <div class=\\"c-tokensTable-example\\" style=\\"--example-background-color: #017a39\\";></div>
      <div class=\\"c-tokensTable-content\\">
        <span class=\\"c-tokensTable-displayName\\">Support Positive</span>
      </div>
      <span class=\\"c-tokensTable-token\\">$color-support-positive</span>
    </li><li class=\\"c-tokensTable-row c-tokensTable-item\\">
      <div class=\\"c-tokensTable-example c-tokensTable-example--bordered\\" style=\\"--example-background-color: #125fca\\";></div>
      <div class=\\"c-tokensTable-content\\">
        <span class=\\"c-tokensTable-displayName\\">Support Info</span>
      </div>
      <span class=\\"c-tokensTable-token\\">$color-support-info</span>
    </li><li class=\\"c-tokensTable-row c-tokensTable-item\\">
      <div class=\\"c-tokensTable-example c-tokensTable-example--bordered\\" style=\\"--example-background-color: #efedea\\";></div>
      <div class=\\"c-tokensTable-content\\">
        <span class=\\"c-tokensTable-displayName\\">Support Neutral</span>
      </div>
      <span class=\\"c-tokensTable-token\\">$color-support-neutral</span>
    </li><li class=\\"c-tokensTable-row c-tokensTable-item\\">
      <div class=\\"c-tokensTable-example c-tokensTable-example--bordered\\" style=\\"--example-background-color: #ffe9ea\\";></div>
      <div class=\\"c-tokensTable-content\\">
        <span class=\\"c-tokensTable-displayName\\">Support Error 02</span>
      </div>
      <span class=\\"c-tokensTable-token\\">$color-support-error-02</span>
    </li><li class=\\"c-tokensTable-row c-tokensTable-item\\">
      <div class=\\"c-tokensTable-example c-tokensTable-example--bordered\\" style=\\"--example-background-color: #fff9df\\";></div>
      <div class=\\"c-tokensTable-content\\">
        <span class=\\"c-tokensTable-displayName\\">Support Warning 02</span>
      </div>
      <span class=\\"c-tokensTable-token\\">$color-support-warning-02</span>
    </li><li class=\\"c-tokensTable-row c-tokensTable-item\\">
      <div class=\\"c-tokensTable-example c-tokensTable-example--bordered\\" style=\\"--example-background-color: #e5faef\\";></div>
      <div class=\\"c-tokensTable-content\\">
        <span class=\\"c-tokensTable-displayName\\">Support Positive 02</span>
      </div>
      <span class=\\"c-tokensTable-token\\">$color-support-positive-02</span>
    </li><li class=\\"c-tokensTable-row c-tokensTable-item\\">
      <div class=\\"c-tokensTable-example c-tokensTable-example--bordered\\" style=\\"--example-background-color: #ebf6fa\\";></div>
      <div class=\\"c-tokensTable-content\\">
        <span class=\\"c-tokensTable-displayName\\">Support Info 02</span>
      </div>
      <span class=\\"c-tokensTable-token\\">$color-support-info-02</span>
    </li><li class=\\"c-tokensTable-row c-tokensTable-item\\">
      <div class=\\"c-tokensTable-example c-tokensTable-example--bordered\\" style=\\"--example-background-color: #4996fd\\";></div>
      <div class=\\"c-tokensTable-content\\">
        <span class=\\"c-tokensTable-displayName\\">Support Info Inverse</span>
      </div>
      <span class=\\"c-tokensTable-token\\">$color-support-info-inverse</span>
    </li><li class=\\"c-tokensTable-row c-tokensTable-item\\">
      <div class=\\"c-tokensTable-example c-tokensTable-example--bordered\\" style=\\"--example-background-color: #22bf65\\";></div>
      <div class=\\"c-tokensTable-content\\">
        <span class=\\"c-tokensTable-displayName\\">Support Positive Inverse</span>
      </div>
      <span class=\\"c-tokensTable-token\\">$color-support-positive-inverse</span>
    </li>
</ul><h3 class=\\"c-tokensTable-sectionSubheading\\">Brand</h3><div class=\\"c-tokensTable-row u-spacing-e--top u-showAboveWide c-tokensTable-heading\\">
  <span>Example</span>
  <span>Description</span>
  <span>Token name</span>
</div>
<ul class=\\"c-tokensTable-list\\">
  <li class=\\"c-tokensTable-row c-tokensTable-item\\">
      <div class=\\"c-tokensTable-example c-tokensTable-example--bordered\\" style=\\"--example-background-color: #ff8000\\";></div>
      <div class=\\"c-tokensTable-content\\">
        <span class=\\"c-tokensTable-displayName\\">Support Brand 01</span>
      </div>
      <span class=\\"c-tokensTable-token\\">$color-support-brand-01</span>
    </li><li class=\\"c-tokensTable-row c-tokensTable-item\\">
      <div class=\\"c-tokensTable-example c-tokensTable-example--bordered\\" style=\\"--example-background-color: #ffead4\\";></div>
      <div class=\\"c-tokensTable-content\\">
        <span class=\\"c-tokensTable-displayName\\">Support Brand 02</span>
      </div>
      <span class=\\"c-tokensTable-token\\">$color-support-brand-02</span>
    </li><li class=\\"c-tokensTable-row c-tokensTable-item\\">
      <div class=\\"c-tokensTable-example c-tokensTable-example--bordered\\" style=\\"--example-background-color: #c1dade\\";></div>
      <div class=\\"c-tokensTable-content\\">
        <span class=\\"c-tokensTable-displayName\\">Support Brand 03</span>
      </div>
      <span class=\\"c-tokensTable-token\\">$color-support-brand-03</span>
    </li><li class=\\"c-tokensTable-row c-tokensTable-item\\">
      <div class=\\"c-tokensTable-example c-tokensTable-example--bordered\\" style=\\"--example-background-color: #f2a6b0\\";></div>
      <div class=\\"c-tokensTable-content\\">
        <span class=\\"c-tokensTable-displayName\\">Support Brand 04</span>
      </div>
      <span class=\\"c-tokensTable-token\\">$color-support-brand-04</span>
    </li><li class=\\"c-tokensTable-row c-tokensTable-item\\">
      <div class=\\"c-tokensTable-example c-tokensTable-example--bordered\\" style=\\"--example-background-color: #f6c243\\";></div>
      <div class=\\"c-tokensTable-content\\">
        <span class=\\"c-tokensTable-displayName\\">Support Brand 05</span>
      </div>
      <span class=\\"c-tokensTable-token\\">$color-support-brand-05</span>
    </li><li class=\\"c-tokensTable-row c-tokensTable-item\\">
      <div class=\\"c-tokensTable-example\\" style=\\"--example-background-color: #5b3d5b\\";></div>
      <div class=\\"c-tokensTable-content\\">
        <span class=\\"c-tokensTable-displayName\\">Support Brand 06</span>
      </div>
      <span class=\\"c-tokensTable-token\\">$color-support-brand-06</span>
    </li><li class=\\"c-tokensTable-row c-tokensTable-item\\">
      <div class=\\"c-tokensTable-example c-tokensTable-example--bordered\\" style=\\"--example-background-color: #f75e28\\";></div>
      <div class=\\"c-tokensTable-content\\">
        <span class=\\"c-tokensTable-displayName\\">Support Brand 07</span>
      </div>
      <span class=\\"c-tokensTable-token\\">$color-support-brand-07</span>
    </li>
</ul><hr /><h2 class=\\"c-tokensTable-sectionHeading\\">Content</h2><p class=\\"c-tokensTable-sectionDescription\\">Alias colour tokens used for text and icons only.</p><h3 class=\\"c-tokensTable-sectionSubheading\\">Static</h3><div class=\\"c-tokensTable-row u-spacing-e--top u-showAboveWide c-tokensTable-heading\\">
  <span>Example</span>
  <span>Description</span>
  <span>Token name</span>
</div>
<ul class=\\"c-tokensTable-list\\">
  <li class=\\"c-tokensTable-row c-tokensTable-item\\">
      <div class=\\"c-tokensTable-example\\" style=\\"--example-background-color: #242e30\\";></div>
      <div class=\\"c-tokensTable-content\\">
        <span class=\\"c-tokensTable-displayName\\">Content Default</span>
      </div>
      <span class=\\"c-tokensTable-token\\">$color-content-default</span>
    </li><li class=\\"c-tokensTable-row c-tokensTable-item\\">
      <div class=\\"c-tokensTable-example\\" style=\\"--example-background-color: #3c4c4f\\";></div>
      <div class=\\"c-tokensTable-content\\">
        <span class=\\"c-tokensTable-displayName\\">Content Subdued</span>
      </div>
      <span class=\\"c-tokensTable-token\\">$color-content-subdued</span>
    </li><li class=\\"c-tokensTable-row c-tokensTable-item\\">
      <div class=\\"c-tokensTable-example c-tokensTable-example--bordered\\" style=\\"--example-background-color: #fff\\";></div>
      <div class=\\"c-tokensTable-content\\">
        <span class=\\"c-tokensTable-displayName\\">Content Light</span>
      </div>
      <span class=\\"c-tokensTable-token\\">$color-content-light</span>
    </li><li class=\\"c-tokensTable-row c-tokensTable-item\\">
      <div class=\\"c-tokensTable-example c-tokensTable-example--bordered\\" style=\\"--example-background-color: #fff\\";></div>
      <div class=\\"c-tokensTable-content\\">
        <span class=\\"c-tokensTable-displayName\\">Content Inverse</span>
      </div>
      <span class=\\"c-tokensTable-token\\">$color-content-inverse</span>
    </li><li class=\\"c-tokensTable-row c-tokensTable-item\\">
      <div class=\\"c-tokensTable-example c-tokensTable-example--bordered\\" style=\\"--example-background-color: #d50525\\";></div>
      <div class=\\"c-tokensTable-content\\">
        <span class=\\"c-tokensTable-displayName\\">Content Error</span>
      </div>
      <span class=\\"c-tokensTable-token\\">$color-content-error</span>
    </li><li class=\\"c-tokensTable-row c-tokensTable-item\\">
      <div class=\\"c-tokensTable-example\\" style=\\"--example-background-color: #017a39\\";></div>
      <div class=\\"c-tokensTable-content\\">
        <span class=\\"c-tokensTable-displayName\\">Content Positive</span>
      </div>
      <span class=\\"c-tokensTable-token\\">$color-content-positive</span>
    </li><li class=\\"c-tokensTable-row c-tokensTable-item\\">
      <div class=\\"c-tokensTable-example c-tokensTable-example--bordered\\" style=\\"--example-background-color: #8c999b\\";></div>
      <div class=\\"c-tokensTable-content\\">
        <span class=\\"c-tokensTable-displayName\\">Content Disabled</span>
      </div>
      <span class=\\"c-tokensTable-token\\">$color-content-disabled</span>
    </li><li class=\\"c-tokensTable-row c-tokensTable-item\\">
      <div class=\\"c-tokensTable-example c-tokensTable-example--bordered\\" style=\\"--example-background-color: #f36805\\";></div>
      <div class=\\"c-tokensTable-content\\">
        <span class=\\"c-tokensTable-displayName\\">Content Brand</span>
      </div>
      <span class=\\"c-tokensTable-token\\">$color-content-brand</span>
    </li>
</ul><h3 class=\\"c-tokensTable-sectionSubheading\\">Interactive</h3><div class=\\"c-tokensTable-row u-spacing-e--top u-showAboveWide c-tokensTable-heading\\">
  <span>Example</span>
  <span>Description</span>
  <span>Token name</span>
</div>
<ul class=\\"c-tokensTable-list\\">
  <li class=\\"c-tokensTable-row c-tokensTable-item\\">
      <div class=\\"c-tokensTable-example c-tokensTable-example--bordered\\" style=\\"--example-background-color: #f36805\\";></div>
      <div class=\\"c-tokensTable-content\\">
        <span class=\\"c-tokensTable-displayName\\">Content Interactive Brand</span>
      </div>
      <span class=\\"c-tokensTable-token\\">$color-content-interactive-brand</span>
    </li><li class=\\"c-tokensTable-row c-tokensTable-item\\">
      <div class=\\"c-tokensTable-example c-tokensTable-example--bordered\\" style=\\"--example-background-color: #fff\\";></div>
      <div class=\\"c-tokensTable-content\\">
        <span class=\\"c-tokensTable-displayName\\">Content Interactive Light</span>
      </div>
      <span class=\\"c-tokensTable-token\\">$color-content-interactive-light</span>
    </li><li class=\\"c-tokensTable-row c-tokensTable-item\\">
      <div class=\\"c-tokensTable-example c-tokensTable-example--bordered\\" style=\\"--example-background-color: #fff\\";></div>
      <div class=\\"c-tokensTable-content\\">
        <span class=\\"c-tokensTable-displayName\\">Content Interactive Primary</span>
      </div>
      <span class=\\"c-tokensTable-token\\">$color-content-interactive-primary</span>
    </li><li class=\\"c-tokensTable-row c-tokensTable-item\\">
      <div class=\\"c-tokensTable-example\\" style=\\"--example-background-color: #242e30\\";></div>
      <div class=\\"c-tokensTable-content\\">
        <span class=\\"c-tokensTable-displayName\\">Content Interactive Secondary</span>
      </div>
      <span class=\\"c-tokensTable-token\\">$color-content-interactive-secondary</span>
    </li><li class=\\"c-tokensTable-row c-tokensTable-item\\">
      <div class=\\"c-tokensTable-example\\" style=\\"--example-background-color: #303d3f\\";></div>
      <div class=\\"c-tokensTable-content\\">
        <span class=\\"c-tokensTable-displayName\\">Content Interactive Tertiary</span>
      </div>
      <span class=\\"c-tokensTable-token\\">$color-content-interactive-tertiary</span>
    </li><li class=\\"c-tokensTable-row c-tokensTable-item\\">
      <div class=\\"c-tokensTable-example\\" style=\\"--example-background-color: #242e30\\";></div>
      <div class=\\"c-tokensTable-content\\">
        <span class=\\"c-tokensTable-displayName\\">Content Interactive Inverse</span>
      </div>
      <span class=\\"c-tokensTable-token\\">$color-content-interactive-inverse</span>
    </li><li class=\\"c-tokensTable-row c-tokensTable-item\\">
      <div class=\\"c-tokensTable-example\\" style=\\"--example-background-color: #242e30\\";></div>
      <div class=\\"c-tokensTable-content\\">
        <span class=\\"c-tokensTable-displayName\\">Content Interactive Dark</span>
      </div>
      <span class=\\"c-tokensTable-token\\">$color-content-interactive-dark</span>
    </li><li class=\\"c-tokensTable-row c-tokensTable-item\\">
      <div class=\\"c-tokensTable-example c-tokensTable-example--bordered\\" style=\\"--example-background-color: #d50525\\";></div>
      <div class=\\"c-tokensTable-content\\">
        <span class=\\"c-tokensTable-displayName\\">Content Interactive Error</span>
      </div>
      <span class=\\"c-tokensTable-token\\">$color-content-interactive-error</span>
    </li>
</ul><h3 class=\\"c-tokensTable-sectionSubheading\\">Link</h3><div class=\\"c-tokensTable-row u-spacing-e--top u-showAboveWide c-tokensTable-heading\\">
  <span>Example</span>
  <span>Description</span>
  <span>Token name</span>
</div>
<ul class=\\"c-tokensTable-list\\">
  <li class=\\"c-tokensTable-row c-tokensTable-item\\">
      <div class=\\"c-tokensTable-example\\" style=\\"--example-background-color: #242e30\\";></div>
      <div class=\\"c-tokensTable-content\\">
        <span class=\\"c-tokensTable-displayName\\">Content Link</span>
      </div>
      <span class=\\"c-tokensTable-token\\">$color-content-link</span>
    </li><li class=\\"c-tokensTable-row c-tokensTable-item\\">
      <div class=\\"c-tokensTable-example c-tokensTable-example--bordered\\" style=\\"--example-background-color: #125fca\\";></div>
      <div class=\\"c-tokensTable-content\\">
        <span class=\\"c-tokensTable-displayName\\">Content Link Distinct</span>
      </div>
      <span class=\\"c-tokensTable-token\\">$color-content-link-distinct</span>
    </li><li class=\\"c-tokensTable-row c-tokensTable-item\\">
      <div class=\\"c-tokensTable-example c-tokensTable-example--bordered\\" style=\\"--example-background-color: #fff\\";></div>
      <div class=\\"c-tokensTable-content\\">
        <span class=\\"c-tokensTable-displayName\\">Content Link Light</span>
      </div>
      <span class=\\"c-tokensTable-token\\">$color-content-link-light</span>
    </li><li class=\\"c-tokensTable-row c-tokensTable-item\\">
      <div class=\\"c-tokensTable-example c-tokensTable-example--bordered\\" style=\\"--example-background-color: #fff\\";></div>
      <div class=\\"c-tokensTable-content\\">
        <span class=\\"c-tokensTable-displayName\\">Content Link Inverse</span>
      </div>
      <span class=\\"c-tokensTable-token\\">$color-content-link-inverse</span>
    </li><li class=\\"c-tokensTable-row c-tokensTable-item\\">
      <div class=\\"c-tokensTable-example\\" style=\\"--example-background-color: #800080\\";></div>
      <div class=\\"c-tokensTable-content\\">
        <span class=\\"c-tokensTable-displayName\\">Content Link Visited</span>
      </div>
      <span class=\\"c-tokensTable-token\\">$color-content-link-visited</span>
    </li><li class=\\"c-tokensTable-row c-tokensTable-item\\">
      <div class=\\"c-tokensTable-example c-tokensTable-example--bordered\\" style=\\"--example-background-color: #C58AF9\\";></div>
      <div class=\\"c-tokensTable-content\\">
        <span class=\\"c-tokensTable-displayName\\">Content Link Visited Inverse</span>
      </div>
      <span class=\\"c-tokensTable-token\\">$color-content-link-visited-inverse</span>
    </li>
</ul><hr /><h2 class=\\"c-tokensTable-sectionHeading\\">Reactive</h2><p class=\\"c-tokensTable-sectionDescription\\">Alias colour tokens used to represent state changes and loading animations in components.</p><h3 class=\\"c-tokensTable-sectionSubheading\\">States</h3><div class=\\"c-tokensTable-row u-spacing-e--top u-showAboveWide c-tokensTable-heading\\">
  <span>Example</span>
  <span>Description</span>
  <span>Token name</span>
</div>
<ul class=\\"c-tokensTable-list\\">
  <li class=\\"c-tokensTable-row c-tokensTable-item\\">
      <div class=\\"c-tokensTable-example c-tokensTable-example--checked\\" style=\\"--example-checked-opacity: 0.04\\";></div>
      <div class=\\"c-tokensTable-content\\">
        <span class=\\"c-tokensTable-displayName\\">Hover 01</span>
      </div>
      <span class=\\"c-tokensTable-token\\">$color-hover-01</span>
    </li><li class=\\"c-tokensTable-row c-tokensTable-item\\">
      <div class=\\"c-tokensTable-example c-tokensTable-example--checked\\" style=\\"--example-checked-opacity: 0.08\\";></div>
      <div class=\\"c-tokensTable-content\\">
        <span class=\\"c-tokensTable-displayName\\">Hover 02</span>
      </div>
      <span class=\\"c-tokensTable-token\\">$color-hover-02</span>
    </li><li class=\\"c-tokensTable-row c-tokensTable-item\\">
      <div class=\\"c-tokensTable-example c-tokensTable-example--checked\\" style=\\"--example-checked-opacity: 0.08\\";></div>
      <div class=\\"c-tokensTable-content\\">
        <span class=\\"c-tokensTable-displayName\\">Hover 01 Light</span>
      </div>
      <span class=\\"c-tokensTable-token\\">$color-hover-01-light</span>
    </li><li class=\\"c-tokensTable-row c-tokensTable-item\\">
      <div class=\\"c-tokensTable-example c-tokensTable-example--checked\\" style=\\"--example-checked-opacity: 0.04\\";></div>
      <div class=\\"c-tokensTable-content\\">
        <span class=\\"c-tokensTable-displayName\\">Hover 01 Dark</span>
      </div>
      <span class=\\"c-tokensTable-token\\">$color-hover-01-dark</span>
    </li><li class=\\"c-tokensTable-row c-tokensTable-item\\">
      <div class=\\"c-tokensTable-example c-tokensTable-example--checked\\" style=\\"--example-checked-opacity: 0.12\\";></div>
      <div class=\\"c-tokensTable-content\\">
        <span class=\\"c-tokensTable-displayName\\">Active 01</span>
      </div>
      <span class=\\"c-tokensTable-token\\">$color-active-01</span>
    </li><li class=\\"c-tokensTable-row c-tokensTable-item\\">
      <div class=\\"c-tokensTable-example c-tokensTable-example--checked\\" style=\\"--example-checked-opacity: 0.2\\";></div>
      <div class=\\"c-tokensTable-content\\">
        <span class=\\"c-tokensTable-displayName\\">Active 02</span>
      </div>
      <span class=\\"c-tokensTable-token\\">$color-active-02</span>
    </li><li class=\\"c-tokensTable-row c-tokensTable-item\\">
      <div class=\\"c-tokensTable-example c-tokensTable-example--checked\\" style=\\"--example-checked-opacity: 0.2\\";></div>
      <div class=\\"c-tokensTable-content\\">
        <span class=\\"c-tokensTable-displayName\\">Active 01 Light</span>
      </div>
      <span class=\\"c-tokensTable-token\\">$color-active-01-light</span>
    </li><li class=\\"c-tokensTable-row c-tokensTable-item\\">
      <div class=\\"c-tokensTable-example c-tokensTable-example--checked\\" style=\\"--example-checked-opacity: 0.12\\";></div>
      <div class=\\"c-tokensTable-content\\">
        <span class=\\"c-tokensTable-displayName\\">Active 01 Dark</span>
      </div>
      <span class=\\"c-tokensTable-token\\">$color-active-01-dark</span>
    </li><li class=\\"c-tokensTable-row c-tokensTable-item\\">
      <div class=\\"c-tokensTable-example c-tokensTable-example--bordered\\" style=\\"--example-background-color: #4996fd\\";></div>
      <div class=\\"c-tokensTable-content\\">
        <span class=\\"c-tokensTable-displayName\\">Focus</span>
      </div>
      <span class=\\"c-tokensTable-token\\">$color-focus</span>
    </li><li class=\\"c-tokensTable-row c-tokensTable-item\\">
      <div class=\\"c-tokensTable-example c-tokensTable-example--bordered\\" style=\\"--example-background-color: #efedea\\";></div>
      <div class=\\"c-tokensTable-content\\">
        <span class=\\"c-tokensTable-displayName\\">Disabled 01</span>
      </div>
      <span class=\\"c-tokensTable-token\\">$color-disabled-01</span>
    </li><li class=\\"c-tokensTable-row c-tokensTable-item\\">
      <div class=\\"c-tokensTable-example\\" style=\\"--example-background-color: #3b3a39\\";></div>
      <div class=\\"c-tokensTable-content\\">
        <span class=\\"c-tokensTable-displayName\\">Disabled 01 Inverse</span>
      </div>
      <span class=\\"c-tokensTable-token\\">$color-disabled-01-inverse</span>
    </li>
</ul><h3 class=\\"c-tokensTable-sectionSubheading\\">Skeleton</h3><div class=\\"c-tokensTable-row u-spacing-e--top u-showAboveWide c-tokensTable-heading\\">
  <span>Example</span>
  <span>Description</span>
  <span>Token name</span>
</div>
<ul class=\\"c-tokensTable-list\\">
  <li class=\\"c-tokensTable-row c-tokensTable-item\\">
      <div class=\\"c-tokensTable-example c-tokensTable-example--bordered\\" style=\\"--example-background-color: #f5f3f1\\";></div>
      <div class=\\"c-tokensTable-content\\">
        <span class=\\"c-tokensTable-displayName\\">Skeleton 01</span>
      </div>
      <span class=\\"c-tokensTable-token\\">$color-skeleton-01</span>
    </li><li class=\\"c-tokensTable-row c-tokensTable-item\\">
      <div class=\\"c-tokensTable-example c-tokensTable-example--bordered\\" style=\\"--example-background-color: #efedea\\";></div>
      <div class=\\"c-tokensTable-content\\">
        <span class=\\"c-tokensTable-displayName\\">Skeleton 02</span>
      </div>
      <span class=\\"c-tokensTable-token\\">$color-skeleton-02</span>
    </li><li class=\\"c-tokensTable-row c-tokensTable-item\\">
      <div class=\\"c-tokensTable-example c-tokensTable-example--bordered\\" style=\\"--example-background-color: #fff\\";></div>
      <div class=\\"c-tokensTable-content\\">
        <span class=\\"c-tokensTable-displayName\\">Skeleton 03</span>
      </div>
      <span class=\\"c-tokensTable-token\\">$color-skeleton-03</span>
    </li>
</ul></div>"
`;

exports[`tokensTable.js should return the expected HTML 2`] = `
"<div class=\\"c-tokensTable\\"><h2>White and Black</h2><div class=\\"c-tokensTable-row u-spacing-e--top u-showAboveWide c-tokensTable-heading\\">
  <span>Example</span>
  <span>Description</span>
  <span>Token name</span>
</div>
<ul class=\\"c-tokensTable-list\\">
  <li class=\\"c-tokensTable-row c-tokensTable-item\\">
      <div class=\\"c-tokensTable-example c-tokensTable-example--bordered\\" style=\\"--example-background-color: #fff\\";></div>
      <div class=\\"c-tokensTable-content\\">
        <span class=\\"c-tokensTable-displayName\\">White</span>
      </div>
      <span class=\\"c-tokensTable-token\\">$color-white</span>
    </li><li class=\\"c-tokensTable-row c-tokensTable-item\\">
      <div class=\\"c-tokensTable-example\\" style=\\"--example-background-color: #000\\";></div>
      <div class=\\"c-tokensTable-content\\">
        <span class=\\"c-tokensTable-displayName\\">Black</span>
      </div>
      <span class=\\"c-tokensTable-token\\">$color-black</span>
    </li>
</ul><hr /><h2>Orange</h2><div class=\\"c-tokensTable-row u-spacing-e--top u-showAboveWide c-tokensTable-heading\\">
  <span>Example</span>
  <span>Description</span>
  <span>Token name</span>
</div>
<ul class=\\"c-tokensTable-list\\">
  <li class=\\"c-tokensTable-row c-tokensTable-item\\">
      <div class=\\"c-tokensTable-example c-tokensTable-example--bordered\\" style=\\"--example-background-color: #ffead4\\";></div>
      <div class=\\"c-tokensTable-content\\">
        <span class=\\"c-tokensTable-displayName\\">Orange 10</span>
      </div>
      <span class=\\"c-tokensTable-token\\">$color-orange-10</span>
    </li><li class=\\"c-tokensTable-row c-tokensTable-item\\">
      <div class=\\"c-tokensTable-example c-tokensTable-example--bordered\\" style=\\"--example-background-color: #ff8000\\";></div>
      <div class=\\"c-tokensTable-content\\">
        <span class=\\"c-tokensTable-displayName\\">Orange 30</span>
      </div>
      <span class=\\"c-tokensTable-token\\">$color-orange-30</span>
    </li><li class=\\"c-tokensTable-row c-tokensTable-item\\">
      <div class=\\"c-tokensTable-example c-tokensTable-example--bordered\\" style=\\"--example-background-color: #f36805\\";></div>
      <div class=\\"c-tokensTable-content\\">
        <span class=\\"c-tokensTable-displayName\\">Orange</span>
      </div>
      <span class=\\"c-tokensTable-token\\">$color-orange</span>
    </li><li class=\\"c-tokensTable-row c-tokensTable-item\\">
      <div class=\\"c-tokensTable-example c-tokensTable-example--bordered\\" style=\\"--example-background-color: #f75e28\\";></div>
      <div class=\\"c-tokensTable-content\\">
        <span class=\\"c-tokensTable-displayName\\">Orange 55</span>
      </div>
      <span class=\\"c-tokensTable-token\\">$color-orange-55</span>
    </li><li class=\\"c-tokensTable-row c-tokensTable-item\\">
      <div class=\\"c-tokensTable-example\\" style=\\"--example-background-color: #41301f\\";></div>
      <div class=\\"c-tokensTable-content\\">
        <span class=\\"c-tokensTable-displayName\\">Orange 90</span>
      </div>
      <span class=\\"c-tokensTable-token\\">$color-orange-90</span>
    </li>
</ul><hr /><h2>Blue</h2><div class=\\"c-tokensTable-row u-spacing-e--top u-showAboveWide c-tokensTable-heading\\">
  <span>Example</span>
  <span>Description</span>
  <span>Token name</span>
</div>
<ul class=\\"c-tokensTable-list\\">
  <li class=\\"c-tokensTable-row c-tokensTable-item\\">
      <div class=\\"c-tokensTable-example c-tokensTable-example--bordered\\" style=\\"--example-background-color: #ebf6fa\\";></div>
      <div class=\\"c-tokensTable-content\\">
        <span class=\\"c-tokensTable-displayName\\">Blue 10</span>
      </div>
      <span class=\\"c-tokensTable-token\\">$color-blue-10</span>
    </li><li class=\\"c-tokensTable-row c-tokensTable-item\\">
      <div class=\\"c-tokensTable-example c-tokensTable-example--bordered\\" style=\\"--example-background-color: #c1dade\\";></div>
      <div class=\\"c-tokensTable-content\\">
        <span class=\\"c-tokensTable-displayName\\">Blue 25</span>
      </div>
      <span class=\\"c-tokensTable-token\\">$color-blue-25</span>
    </li><li class=\\"c-tokensTable-row c-tokensTable-item\\">
      <div class=\\"c-tokensTable-example c-tokensTable-example--bordered\\" style=\\"--example-background-color: #4996fd\\";></div>
      <div class=\\"c-tokensTable-content\\">
        <span class=\\"c-tokensTable-displayName\\">Blue 30</span>
      </div>
      <span class=\\"c-tokensTable-token\\">$color-blue-30</span>
    </li><li class=\\"c-tokensTable-row c-tokensTable-item\\">
      <div class=\\"c-tokensTable-example c-tokensTable-example--bordered\\" style=\\"--example-background-color: #125fca\\";></div>
      <div class=\\"c-tokensTable-content\\">
        <span class=\\"c-tokensTable-displayName\\">Blue</span>
      </div>
      <span class=\\"c-tokensTable-token\\">$color-blue</span>
    </li><li class=\\"c-tokensTable-row c-tokensTable-item\\">
      <div class=\\"c-tokensTable-example\\" style=\\"--example-background-color: #0d4696\\";></div>
      <div class=\\"c-tokensTable-content\\">
        <span class=\\"c-tokensTable-displayName\\">Blue 60</span>
      </div>
      <span class=\\"c-tokensTable-token\\">$color-blue-60</span>
    </li><li class=\\"c-tokensTable-row c-tokensTable-item\\">
      <div class=\\"c-tokensTable-example\\" style=\\"--example-background-color: #083343\\";></div>
      <div class=\\"c-tokensTable-content\\">
        <span class=\\"c-tokensTable-displayName\\">Blue 90</span>
      </div>
      <span class=\\"c-tokensTable-token\\">$color-blue-90</span>
    </li>
</ul><hr /><h2>Red</h2><div class=\\"c-tokensTable-row u-spacing-e--top u-showAboveWide c-tokensTable-heading\\">
  <span>Example</span>
  <span>Description</span>
  <span>Token name</span>
</div>
<ul class=\\"c-tokensTable-list\\">
  <li class=\\"c-tokensTable-row c-tokensTable-item\\">
      <div class=\\"c-tokensTable-example c-tokensTable-example--bordered\\" style=\\"--example-background-color: #ffe9ea\\";></div>
      <div class=\\"c-tokensTable-content\\">
        <span class=\\"c-tokensTable-displayName\\">Red 10</span>
      </div>
      <span class=\\"c-tokensTable-token\\">$color-red-10</span>
    </li><li class=\\"c-tokensTable-row c-tokensTable-item\\">
      <div class=\\"c-tokensTable-example c-tokensTable-example--bordered\\" style=\\"--example-background-color: #f2a6b0\\";></div>
      <div class=\\"c-tokensTable-content\\">
        <span class=\\"c-tokensTable-displayName\\">Red 25</span>
      </div>
      <span class=\\"c-tokensTable-token\\">$color-red-25</span>
    </li><li class=\\"c-tokensTable-row c-tokensTable-item\\">
      <div class=\\"c-tokensTable-example c-tokensTable-example--bordered\\" style=\\"--example-background-color: #ec556c\\";></div>
      <div class=\\"c-tokensTable-content\\">
        <span class=\\"c-tokensTable-displayName\\">Red 30</span>
      </div>
      <span class=\\"c-tokensTable-token\\">$color-red-30</span>
    </li><li class=\\"c-tokensTable-row c-tokensTable-item\\">
      <div class=\\"c-tokensTable-example c-tokensTable-example--bordered\\" style=\\"--example-background-color: #d50525\\";></div>
      <div class=\\"c-tokensTable-content\\">
        <span class=\\"c-tokensTable-displayName\\">Red</span>
      </div>
      <span class=\\"c-tokensTable-token\\">$color-red</span>
    </li><li class=\\"c-tokensTable-row c-tokensTable-item\\">
      <div class=\\"c-tokensTable-example\\" style=\\"--example-background-color: #9f041c\\";></div>
      <div class=\\"c-tokensTable-content\\">
        <span class=\\"c-tokensTable-displayName\\">Red 60</span>
      </div>
      <span class=\\"c-tokensTable-token\\">$color-red-60</span>
    </li><li class=\\"c-tokensTable-row c-tokensTable-item\\">
      <div class=\\"c-tokensTable-example\\" style=\\"--example-background-color: #491e24\\";></div>
      <div class=\\"c-tokensTable-content\\">
        <span class=\\"c-tokensTable-displayName\\">Red 90</span>
      </div>
      <span class=\\"c-tokensTable-token\\">$color-red-90</span>
    </li>
</ul><hr /><h2>Yellow</h2><div class=\\"c-tokensTable-row u-spacing-e--top u-showAboveWide c-tokensTable-heading\\">
  <span>Example</span>
  <span>Description</span>
  <span>Token name</span>
</div>
<ul class=\\"c-tokensTable-list\\">
  <li class=\\"c-tokensTable-row c-tokensTable-item\\">
      <div class=\\"c-tokensTable-example c-tokensTable-example--bordered\\" style=\\"--example-background-color: #fff9df\\";></div>
      <div class=\\"c-tokensTable-content\\">
        <span class=\\"c-tokensTable-displayName\\">Yellow 10</span>
      </div>
      <span class=\\"c-tokensTable-token\\">$color-yellow-10</span>
    </li><li class=\\"c-tokensTable-row c-tokensTable-item\\">
      <div class=\\"c-tokensTable-example c-tokensTable-example--bordered\\" style=\\"--example-background-color: #ffd97d\\";></div>
      <div class=\\"c-tokensTable-content\\">
        <span class=\\"c-tokensTable-displayName\\">Yellow 30</span>
      </div>
      <span class=\\"c-tokensTable-token\\">$color-yellow-30</span>
    </li><li class=\\"c-tokensTable-row c-tokensTable-item\\">
      <div class=\\"c-tokensTable-example c-tokensTable-example--bordered\\" style=\\"--example-background-color: #f6c243\\";></div>
      <div class=\\"c-tokensTable-content\\">
        <span class=\\"c-tokensTable-displayName\\">Yellow</span>
      </div>
      <span class=\\"c-tokensTable-token\\">$color-yellow</span>
    </li><li class=\\"c-tokensTable-row c-tokensTable-item\\">
      <div class=\\"c-tokensTable-example\\" style=\\"--example-background-color: #474630\\";></div>
      <div class=\\"c-tokensTable-content\\">
        <span class=\\"c-tokensTable-displayName\\">Yellow 90</span>
      </div>
      <span class=\\"c-tokensTable-token\\">$color-yellow-90</span>
    </li>
</ul><hr /><h2>Green</h2><div class=\\"c-tokensTable-row u-spacing-e--top u-showAboveWide c-tokensTable-heading\\">
  <span>Example</span>
  <span>Description</span>
  <span>Token name</span>
</div>
<ul class=\\"c-tokensTable-list\\">
  <li class=\\"c-tokensTable-row c-tokensTable-item\\">
      <div class=\\"c-tokensTable-example c-tokensTable-example--bordered\\" style=\\"--example-background-color: #e5faef\\";></div>
      <div class=\\"c-tokensTable-content\\">
        <span class=\\"c-tokensTable-displayName\\">Green 10</span>
      </div>
      <span class=\\"c-tokensTable-token\\">$color-green-10</span>
    </li><li class=\\"c-tokensTable-row c-tokensTable-item\\">
      <div class=\\"c-tokensTable-example c-tokensTable-example--bordered\\" style=\\"--example-background-color: #22bf65\\";></div>
      <div class=\\"c-tokensTable-content\\">
        <span class=\\"c-tokensTable-displayName\\">Green 30</span>
      </div>
      <span class=\\"c-tokensTable-token\\">$color-green-30</span>
    </li><li class=\\"c-tokensTable-row c-tokensTable-item\\">
      <div class=\\"c-tokensTable-example\\" style=\\"--example-background-color: #017a39\\";></div>
      <div class=\\"c-tokensTable-content\\">
        <span class=\\"c-tokensTable-displayName\\">Green</span>
      </div>
      <span class=\\"c-tokensTable-token\\">$color-green</span>
    </li><li class=\\"c-tokensTable-row c-tokensTable-item\\">
      <div class=\\"c-tokensTable-example\\" style=\\"--example-background-color: #006631\\";></div>
      <div class=\\"c-tokensTable-content\\">
        <span class=\\"c-tokensTable-displayName\\">Green 60</span>
      </div>
      <span class=\\"c-tokensTable-token\\">$color-green-60</span>
    </li><li class=\\"c-tokensTable-row c-tokensTable-item\\">
      <div class=\\"c-tokensTable-example\\" style=\\"--example-background-color: #273f33\\";></div>
      <div class=\\"c-tokensTable-content\\">
        <span class=\\"c-tokensTable-displayName\\">Green 90</span>
      </div>
      <span class=\\"c-tokensTable-token\\">$color-green-90</span>
    </li>
</ul><hr /><h2>Purple</h2><div class=\\"c-tokensTable-row u-spacing-e--top u-showAboveWide c-tokensTable-heading\\">
  <span>Example</span>
  <span>Description</span>
  <span>Token name</span>
</div>
<ul class=\\"c-tokensTable-list\\">
  <li class=\\"c-tokensTable-row c-tokensTable-item\\">
      <div class=\\"c-tokensTable-example c-tokensTable-example--bordered\\" style=\\"--example-background-color: #ead9f0\\";></div>
      <div class=\\"c-tokensTable-content\\">
        <span class=\\"c-tokensTable-displayName\\">Purple 10</span>
      </div>
      <span class=\\"c-tokensTable-token\\">$color-purple-10</span>
    </li><li class=\\"c-tokensTable-row c-tokensTable-item\\">
      <div class=\\"c-tokensTable-example\\" style=\\"--example-background-color: #5b3d5b\\";></div>
      <div class=\\"c-tokensTable-content\\">
        <span class=\\"c-tokensTable-displayName\\">Purple</span>
      </div>
      <span class=\\"c-tokensTable-token\\">$color-purple</span>
    </li>
</ul><hr /><h2>Mozzarella</h2><div class=\\"c-tokensTable-row u-spacing-e--top u-showAboveWide c-tokensTable-heading\\">
  <span>Example</span>
  <span>Description</span>
  <span>Token name</span>
</div>
<ul class=\\"c-tokensTable-list\\">
  <li class=\\"c-tokensTable-row c-tokensTable-item\\">
      <div class=\\"c-tokensTable-example c-tokensTable-example--bordered\\" style=\\"--example-background-color: #fcfcfc\\";></div>
      <div class=\\"c-tokensTable-content\\">
        <span class=\\"c-tokensTable-displayName\\">Mozzarella 5</span>
      </div>
      <span class=\\"c-tokensTable-token\\">$color-mozzarella-5</span>
    </li><li class=\\"c-tokensTable-row c-tokensTable-item\\">
      <div class=\\"c-tokensTable-example c-tokensTable-example--bordered\\" style=\\"--example-background-color: #f5f3f1\\";></div>
      <div class=\\"c-tokensTable-content\\">
        <span class=\\"c-tokensTable-displayName\\">Mozzarella 10</span>
      </div>
      <span class=\\"c-tokensTable-token\\">$color-mozzarella-10</span>
    </li><li class=\\"c-tokensTable-row c-tokensTable-item\\">
      <div class=\\"c-tokensTable-example c-tokensTable-example--bordered\\" style=\\"--example-background-color: #efedea\\";></div>
      <div class=\\"c-tokensTable-content\\">
        <span class=\\"c-tokensTable-displayName\\">Mozzarella 20</span>
      </div>
      <span class=\\"c-tokensTable-token\\">$color-mozzarella-20</span>
    </li><li class=\\"c-tokensTable-row c-tokensTable-item\\">
      <div class=\\"c-tokensTable-example c-tokensTable-example--bordered\\" style=\\"--example-background-color: #dbd9d7\\";></div>
      <div class=\\"c-tokensTable-content\\">
        <span class=\\"c-tokensTable-displayName\\">Mozzarella 30</span>
      </div>
      <span class=\\"c-tokensTable-token\\">$color-mozzarella-30</span>
    </li><li class=\\"c-tokensTable-row c-tokensTable-item\\">
      <div class=\\"c-tokensTable-example c-tokensTable-example--bordered\\" style=\\"--example-background-color: #9e9c9a\\";></div>
      <div class=\\"c-tokensTable-content\\">
        <span class=\\"c-tokensTable-displayName\\">Mozzarella 50</span>
      </div>
      <span class=\\"c-tokensTable-token\\">$color-mozzarella-50</span>
    </li><li class=\\"c-tokensTable-row c-tokensTable-item\\">
      <div class=\\"c-tokensTable-example c-tokensTable-example--bordered\\" style=\\"--example-background-color: #797876\\";></div>
      <div class=\\"c-tokensTable-content\\">
        <span class=\\"c-tokensTable-displayName\\">Mozzarella 60</span>
      </div>
      <span class=\\"c-tokensTable-token\\">$color-mozzarella-60</span>
    </li><li class=\\"c-tokensTable-row c-tokensTable-item\\">
      <div class=\\"c-tokensTable-example\\" style=\\"--example-background-color: #575655\\";></div>
      <div class=\\"c-tokensTable-content\\">
        <span class=\\"c-tokensTable-displayName\\">Mozzarella 70</span>
      </div>
      <span class=\\"c-tokensTable-token\\">$color-mozzarella-70</span>
    </li><li class=\\"c-tokensTable-row c-tokensTable-item\\">
      <div class=\\"c-tokensTable-example\\" style=\\"--example-background-color: #494847\\";></div>
      <div class=\\"c-tokensTable-content\\">
        <span class=\\"c-tokensTable-displayName\\">Mozzarella 75</span>
      </div>
      <span class=\\"c-tokensTable-token\\">$color-mozzarella-75</span>
    </li><li class=\\"c-tokensTable-row c-tokensTable-item\\">
      <div class=\\"c-tokensTable-example\\" style=\\"--example-background-color: #3b3a39\\";></div>
      <div class=\\"c-tokensTable-content\\">
        <span class=\\"c-tokensTable-displayName\\">Mozzarella 80</span>
      </div>
      <span class=\\"c-tokensTable-token\\">$color-mozzarella-80</span>
    </li><li class=\\"c-tokensTable-row c-tokensTable-item\\">
      <div class=\\"c-tokensTable-example\\" style=\\"--example-background-color: #262626\\";></div>
      <div class=\\"c-tokensTable-content\\">
        <span class=\\"c-tokensTable-displayName\\">Mozzarella 90</span>
      </div>
      <span class=\\"c-tokensTable-token\\">$color-mozzarella-90</span>
    </li><li class=\\"c-tokensTable-row c-tokensTable-item\\">
      <div class=\\"c-tokensTable-example\\" style=\\"--example-background-color: #1a1a19\\";></div>
      <div class=\\"c-tokensTable-content\\">
        <span class=\\"c-tokensTable-displayName\\">Mozzarella 100</span>
      </div>
      <span class=\\"c-tokensTable-token\\">$color-mozzarella-100</span>
    </li>
</ul><hr /><h2>Charcoal</h2><div class=\\"c-tokensTable-row u-spacing-e--top u-showAboveWide c-tokensTable-heading\\">
  <span>Example</span>
  <span>Description</span>
  <span>Token name</span>
</div>
<ul class=\\"c-tokensTable-list\\">
  <li class=\\"c-tokensTable-row c-tokensTable-item\\">
      <div class=\\"c-tokensTable-example c-tokensTable-example--bordered\\" style=\\"--example-background-color: #d7d9da\\";></div>
      <div class=\\"c-tokensTable-content\\">
        <span class=\\"c-tokensTable-displayName\\">Charcoal 30</span>
      </div>
      <span class=\\"c-tokensTable-token\\">$color-charcoal-30</span>
    </li><li class=\\"c-tokensTable-row c-tokensTable-item\\">
      <div class=\\"c-tokensTable-example c-tokensTable-example--bordered\\" style=\\"--example-background-color: #8c999b\\";></div>
      <div class=\\"c-tokensTable-content\\">
        <span class=\\"c-tokensTable-displayName\\">Charcoal 50</span>
      </div>
      <span class=\\"c-tokensTable-token\\">$color-charcoal-50</span>
    </li><li class=\\"c-tokensTable-row c-tokensTable-item\\">
      <div class=\\"c-tokensTable-example\\" style=\\"--example-background-color: #3c4c4f\\";></div>
      <div class=\\"c-tokensTable-content\\">
        <span class=\\"c-tokensTable-displayName\\">Charcoal 70</span>
      </div>
      <span class=\\"c-tokensTable-token\\">$color-charcoal-70</span>
    </li><li class=\\"c-tokensTable-row c-tokensTable-item\\">
      <div class=\\"c-tokensTable-example\\" style=\\"--example-background-color: #303d3f\\";></div>
      <div class=\\"c-tokensTable-content\\">
        <span class=\\"c-tokensTable-displayName\\">Charcoal 75</span>
      </div>
      <span class=\\"c-tokensTable-token\\">$color-charcoal-75</span>
    </li><li class=\\"c-tokensTable-row c-tokensTable-item\\">
      <div class=\\"c-tokensTable-example\\" style=\\"--example-background-color: #242e30\\";></div>
      <div class=\\"c-tokensTable-content\\">
        <span class=\\"c-tokensTable-displayName\\">Charcoal 80</span>
      </div>
      <span class=\\"c-tokensTable-token\\">$color-charcoal-80</span>
    </li>
</ul><hr /><h2>System</h2><div class=\\"c-tokensTable-row u-spacing-e--top u-showAboveWide c-tokensTable-heading\\">
  <span>Example</span>
  <span>Description</span>
  <span>Token name</span>
</div>
<ul class=\\"c-tokensTable-list\\">
  <li class=\\"c-tokensTable-row c-tokensTable-item\\">
      <div class=\\"c-tokensTable-example\\" style=\\"--example-background-color: #800080\\";></div>
      <div class=\\"c-tokensTable-content\\">
        <span class=\\"c-tokensTable-displayName\\">System Purple</span>
      </div>
      <span class=\\"c-tokensTable-token\\">$color-system-purple</span>
    </li><li class=\\"c-tokensTable-row c-tokensTable-item\\">
      <div class=\\"c-tokensTable-example c-tokensTable-example--bordered\\" style=\\"--example-background-color: #C58AF9\\";></div>
      <div class=\\"c-tokensTable-content\\">
        <span class=\\"c-tokensTable-displayName\\">System Purple 10</span>
      </div>
      <span class=\\"c-tokensTable-token\\">$color-system-purple-10</span>
    </li>
</ul></div>"
`;
