// Vitest Snapshot v1, https://vitest.dev/guide/snapshot.html

exports[`create and publish workflow > if exactly one component was changed > should not include the note about multiple packages 1`] = `
"@pie-contributor Your snapshot has been published to npm!

Test the snapshot by updating your \`package.json\` with the newly-published version:
\`\`\`sh
yarn up @justeattakeaway/pie-button@0.0.0-snapshot-release-20231220110000
\`\`\`"
`;

exports[`create and publish workflow > if more than one component was changed > should include content related to multiple packages 1`] = `
"@pie-contributor Your snapshots have been published to npm!

Test the snapshots by updating your \`package.json\` with the newly-published versions:
> [!NOTE]
> If you have more than one of these packages installed, we suggest using the new snapshots for all of them to help avoid version conflicts.

\`\`\`sh
yarn up @justeattakeaway/pie-button@0.0.0-snapshot-release-20231220110000 --mode=update-lockfile
\`\`\`
\`\`\`sh
yarn up @justeattakeaway/pie-modal@0.0.0-snapshot-release-20231220110000 --mode=update-lockfile
\`\`\`
Then finally:
\`\`\`sh
yarn install
\`\`\`"
`;

exports[`create and publish workflow > if other packages were changed > should ignore example app changes 1`] = `"No changed packages found! Please make sure you have added a changeset entry for the packages you would like to snapshot."`;

exports[`create and publish workflow > if other packages were changed > should ignore monorepo/docs/storybook changes 1`] = `"No changed packages found! Please make sure you have added a changeset entry for the packages you would like to snapshot."`;
